$EXTERN Prout, Chr, Ord, Add, Compare;

* Refal-authored lexer + parser + checker + emitter for Classic Refal-5.
*
* The lexer is the same tokeniser as examples/lexer.ref, but it emits token
* TERMS rather than display text:
*   (Ident W)  (Num D)  (Str C)  (Var s X)
*   LP RP LB RB LA RA EQ SEMI COMMA COLON EXTERN ENTRY
* Refal-5 has no module system, so the two stages live in one file here rather
* than the parser importing the lexer. They will be merged into compiler.ref
* alongside the checker and emitter.
*
* The AST is printed by Prout, which renders structural brackets as
* parentheses:
*   (PROG item...)
*   (EXT name...)                        an $EXTERN declaration
*   (FUN (Ident Name) (VIS ENTRY) s...)  a function; VIS is ENTRY or LOCAL
*   (SENT (pattern...) (cond...) (result...))
*   (COND (expr...) (pattern...))
*   (SYM c) (ID Name) (NUM d) (Var s X) (BR term...) (CALL (ID N) term...)
*
* Grammar covered: $EXTERN, $ENTRY and local functions, multi-sentence
* functions, patterns, conditions (, expr : pattern), results, calls and
* structural brackets. Not yet: blocks, as sentence endings or in conditions.

* The CLI runs Go, so Go is the compiler: it emits. Passing CHECK as a first
* argument asks for the checker's verdict instead, which is what the checker
* tests drive.
$ENTRY Go {
  ('CHECK') (e.Source) =
    <Prout <Check <Parse <Lex (<Chr 10>) <StripCR (<Chr 13>) e.Source>>>>>;
  (e.Source) = <Compile <Lex (<Chr 10>) <StripCR (<Chr 13>) e.Source>>>;
}

* Check first, and emit only what checks.
Compile {
  e.Tokens = <OnChecked <Check <Parse e.Tokens>> <Parse e.Tokens>>;
}

OnChecked {
  "OK" (PROG e.Items) = <Prout <Emit (PROG e.Items)>>;
  e.Msg (PROG e.Items) = <Prout e.Msg>;
}

* ---------------------------------------------------------------- lexer

* Carriage returns are not significant, but CRLF sources would otherwise lex
* a bare \r as an identifier.
StripCR {
  (e.CR) = ;
  (e.CR) e.CR e.R = <StripCR (e.CR) e.R>;
  (e.CR) s.C e.R = s.C <StripCR (e.CR) e.R>;
}

Lex {
  (e.NL) = ;
  (e.NL) " " e.R = <Lex (e.NL) e.R>;
  (e.NL) e.NL e.R = <Lex (e.NL) e.R>;
  (e.NL) '*' e.R = <SkipLine (e.NL) e.R>;
  (e.NL) '(' e.R = LP <Lex (e.NL) e.R>;
  (e.NL) ')' e.R = RP <Lex (e.NL) e.R>;
  (e.NL) '{' e.R = LB <Lex (e.NL) e.R>;
  (e.NL) '}' e.R = RB <Lex (e.NL) e.R>;
  (e.NL) '<' e.R = LA <Lex (e.NL) e.R>;
  (e.NL) '>' e.R = RA <Lex (e.NL) e.R>;
  (e.NL) '=' e.R = EQ <Lex (e.NL) e.R>;
  (e.NL) ';' e.R = SEMI <Lex (e.NL) e.R>;
  (e.NL) ',' e.R = COMMA <Lex (e.NL) e.R>;
  (e.NL) ':' e.R = COLON <Lex (e.NL) e.R>;
  (e.NL) '$EXTERNAL' e.R = EXTERN <Lex (e.NL) e.R>;
  (e.NL) '$EXTRN' e.R = EXTERN <Lex (e.NL) e.R>;
  (e.NL) '$ENTRY' e.R = ENTRY <Lex (e.NL) e.R>;
  (e.NL) '$EXTERN' e.R = EXTERN <Lex (e.NL) e.R>;
  (e.NL) 's.' e.R = <VarEmit (e.NL) ('s') <TakeWord (e.NL) () e.R>>;
  (e.NL) 't.' e.R = <VarEmit (e.NL) ('t') <TakeWord (e.NL) () e.R>>;
  (e.NL) 'e.' e.R = <VarEmit (e.NL) ('e') <TakeWord (e.NL) () e.R>>;
  (e.NL) "'" e.R = <StrTok (e.NL) ("'") () e.R>;
  (e.NL) '"' e.R = <StrTok (e.NL) ('"') () e.R>;
* One-character variable shorthand: s1, tA, eX. Identifiers cannot begin with a
* lower-case letter, so a leading s/t/e is always a variable. Juxtaposition
* falls out: s1s2s3 is three variables, because the next 's' starts a new one.
  (e.NL) 's' s.I e.R = (Var 's' s.I) <Lex (e.NL) e.R>;
  (e.NL) 't' s.I e.R = (Var 't' s.I) <Lex (e.NL) e.R>;
  (e.NL) 'e' s.I e.R = (Var 'e' s.I) <Lex (e.NL) e.R>;
  (e.NL) '/' '*' e.R = <SkipBlock (e.NL) e.R>;
  (e.NL) s.C e.R = <WordTok (e.NL) s.C e.R>;
}

* A block comment runs to the closing */, or to the end of the source.
SkipBlock {
  (e.NL) = ;
  (e.NL) '*' '/' e.R = <Lex (e.NL) e.R>;
  (e.NL) s.C e.R = <SkipBlock (e.NL) e.R>;
}

SkipLine {
  (e.NL) = ;
  (e.NL) e.NL e.R = <Lex (e.NL) e.R>;
  (e.NL) s.C e.R = <SkipLine (e.NL) e.R>;
}

TakeWord {
  (e.NL) (e.Acc) = (e.Acc);
  (e.NL) (e.Acc) " " e.R = (e.Acc) " " e.R;
  (e.NL) (e.Acc) e.NL e.R = (e.Acc) e.NL e.R;
  (e.NL) (e.Acc) '(' e.R = (e.Acc) '(' e.R;
  (e.NL) (e.Acc) ')' e.R = (e.Acc) ')' e.R;
  (e.NL) (e.Acc) '{' e.R = (e.Acc) '{' e.R;
  (e.NL) (e.Acc) '}' e.R = (e.Acc) '}' e.R;
  (e.NL) (e.Acc) '<' e.R = (e.Acc) '<' e.R;
  (e.NL) (e.Acc) '>' e.R = (e.Acc) '>' e.R;
  (e.NL) (e.Acc) '=' e.R = (e.Acc) '=' e.R;
* '.' is not a terminator: a real such as 12.5 or +4E2 is one token. The s./t./e.
* variable rules above have already taken the dot that separates kind from index.
  (e.NL) (e.Acc) ';' e.R = (e.Acc) ';' e.R;
  (e.NL) (e.Acc) ',' e.R = (e.Acc) ',' e.R;
  (e.NL) (e.Acc) ':' e.R = (e.Acc) ':' e.R;
  (e.NL) (e.Acc) "'" e.R = (e.Acc) "'" e.R;
  (e.NL) (e.Acc) '"' e.R = (e.Acc) '"' e.R;
  (e.NL) (e.Acc) '$' e.R = (e.Acc) '$' e.R;
  (e.NL) (e.Acc) s.C e.R = <TakeWord (e.NL) (e.Acc s.C) e.R>;
}

WordTok {
  (e.NL) s.C e.R, <IsDigit s.C> : '1' =
    <NumEmit (e.NL) <TakeWord (e.NL) (s.C) e.R>>;
  (e.NL) s.C e.R =
    <IdentEmit (e.NL) <TakeWord (e.NL) (s.C) e.R>>;
}

IsDigit {
  '0' = '1';
  '1' = '1';
  '2' = '1';
  '3' = '1';
  '4' = '1';
  '5' = '1';
  '6' = '1';
  '7' = '1';
  '8' = '1';
  '9' = '1';
  s.C = ;
}

VarEmit {
  (e.NL) (e.K) (e.W) e.Rest = (Var e.K e.W) <Lex (e.NL) e.Rest>;
}

NumEmit {
  (e.NL) (e.W) e.Rest = (Num e.W) <Lex (e.NL) e.Rest>;
}

IdentEmit {
  (e.NL) (e.W) e.Rest = (Ident e.W) <Lex (e.NL) e.Rest>;
}

StrTok {
  (e.NL) (e.Q) (e.Acc) = (Str e.Acc);
  (e.NL) (e.Q) (e.Acc) e.Q e.Q e.R = <StrTok (e.NL) (e.Q) (e.Acc e.Q) e.R>;
  (e.NL) (e.Q) (e.Acc) e.Q e.R = (Str e.Acc) <Lex (e.NL) e.R>;
  (e.NL) (e.Q) (e.Acc) s.C e.R = <StrTok (e.NL) (e.Q) (e.Acc s.C) e.R>;
}

* --------------------------------------------------------------- parser

Parse {
  e.Tokens = (PROG <Items e.Tokens>);
}

Items {
  = ;
* A semicolon may separate top-level definitions.
  SEMI e.Rest = <Items e.Rest>;
  EXTERN e.Rest = <JoinItem <OneExtern e.Rest>>;
  ENTRY e.Rest = <JoinItem <OneFun (VIS ENTRY) e.Rest>>;
  (Ident e.N) e.Rest = <JoinItem <OneFun (VIS LOCAL) (Ident e.N) e.Rest>>;
}

* e.Item holds the *contents* of the item bracket, so it must be re-wrapped.
* Emitting it flat drops the brackets and flattens the whole AST.
JoinItem {
  (e.Item) e.Rest = (e.Item) <Items e.Rest>;
}

OneExtern {
  e.Tokens = <OneExtern2 <Names () e.Tokens>>;
}

OneExtern2 {
  (e.Names) SEMI e.Rest = (EXT e.Names) e.Rest;
}

Names {
  (e.Acc) (Ident e.N) e.R = <Names (e.Acc (Ident e.N)) e.R>;
  (e.Acc) COMMA (Ident e.N) e.R = <Names (e.Acc (Ident e.N)) e.R>;
  (e.Acc) e.Rest = (e.Acc) e.Rest;
}

OneFun {
  (e.V) (Ident e.N) e.Tokens = <OneFun2 (e.V) (Ident e.N) <FunBody e.Tokens>>;
}

OneFun2 {
  (e.V) (Ident e.N) (e.Sents) e.Rest = (FUN (Ident e.N) (e.V) e.Sents) e.Rest;
}

FunBody {
  LB e.Tokens = <Sentences () e.Tokens>;
}

Sentences {
  (e.Acc) RB e.Rest = (e.Acc) e.Rest;
  (e.Acc) e.Tokens = <SentencesJoin (e.Acc) <Sentence e.Tokens>>;
}

SentencesJoin {
  (e.Acc) (e.Sent) e.Rest = <Sentences (e.Acc (e.Sent)) e.Rest>;
}

Sentence {
  e.Tokens = <Sent1 <Terms () e.Tokens>>;
}

Sent1 {
  (e.Pat) COMMA e.Rest = <SentCond (e.Pat) () e.Rest>;
  (e.Pat) EQ e.Rest = <SentRes (e.Pat) () e.Rest>;
}

* Sent1 has already consumed the comma that separates the pattern from the
* conditions, so SentCond starts on the condition's expression.
SentCond {
  (e.Pat) (e.Conds) e.Rest = <SentCond2 (e.Pat) (e.Conds) <Terms () e.Rest>>;
}

SentCond2 {
  (e.Pat) (e.Conds) (e.Expr) COLON e.Rest =
    <SentCond3 (e.Pat) (e.Conds) (e.Expr) <Terms () e.Rest>>;
}

SentCond3 {
  (e.Pat) (e.Conds) (e.Expr) () LB e.Rest =
    <SentCondBlk (e.Pat) (e.Conds) (e.Expr) <Sentences () e.Rest>>;
  (e.Pat) (e.Conds) (e.Expr) (e.CPat) COMMA e.Rest =
    <SentCond (e.Pat) (e.Conds (COND (e.Expr) (e.CPat))) e.Rest>;
  (e.Pat) (e.Conds) (e.Expr) (e.CPat) EQ e.Rest =
    <SentRes (e.Pat) (e.Conds (COND (e.Expr) (e.CPat))) e.Rest>;
}

* A block in condition position: `, expression : { sentences }`. The block's
* argument is the condition's expression, as it is in the Rust AST.
SentCondBlk {
  (e.Pat) (e.Conds) (e.Expr) (e.Sents) COMMA e.Rest =
    <SentCond (e.Pat) (e.Conds (COND (e.Expr) ((BLK (e.Expr) e.Sents)))) e.Rest>;
  (e.Pat) (e.Conds) (e.Expr) (e.Sents) EQ e.Rest =
    <SentRes (e.Pat) (e.Conds (COND (e.Expr) ((BLK (e.Expr) e.Sents)))) e.Rest>;
}

SentRes {
  (e.Pat) (e.Conds) COMMA e.Rest = <SentResBlock (e.Pat) (e.Conds) e.Rest>;
  (e.Pat) (e.Conds) e.Rest = <SentRes2 (e.Pat) (e.Conds) <Terms () e.Rest>>;
}

* A sentence-ending block: `= , argument : { sentences } ;`
SentResBlock {
  (e.Pat) (e.Conds) e.Rest = <SentResBlock2 (e.Pat) (e.Conds) <Terms () e.Rest>>;
}

SentResBlock2 {
  (e.Pat) (e.Conds) (e.Arg) COLON LB e.Rest =
    <SentResBlock3 (e.Pat) (e.Conds) (e.Arg) <Sentences () e.Rest>>;
}

* The block's closing brace is consumed by Sentences; the sentence's own
* semicolon still has to be taken here, as it is in the plain path.
SentResBlock3 {
  (e.Pat) (e.Conds) (e.Arg) (e.Sents) SEMI e.Rest =
    (SENT (e.Pat) (e.Conds) ((BLK (e.Arg) e.Sents))) e.Rest;
}

SentRes2 {
  (e.Pat) (e.Conds) (e.Res) SEMI e.Rest = (SENT (e.Pat) (e.Conds) (e.Res)) e.Rest;
}

* A term sequence stops at any token that cannot begin or continue a term.
Terms {
  (e.Acc) EQ e.R = (e.Acc) EQ e.R;
  (e.Acc) COMMA e.R = (e.Acc) COMMA e.R;
  (e.Acc) COLON e.R = (e.Acc) COLON e.R;
  (e.Acc) SEMI e.R = (e.Acc) SEMI e.R;
  (e.Acc) RB e.R = (e.Acc) RB e.R;
  (e.Acc) RP e.R = (e.Acc) RP e.R;
  (e.Acc) RA e.R = (e.Acc) RA e.R;
  (e.Acc) LB e.R = (e.Acc) LB e.R;
  (e.Acc) (Str e.C) e.R = <Terms (e.Acc <Chars e.C>) e.R>;
  (e.Acc) (Num e.D) e.R = <Terms (e.Acc (NUM e.D)) e.R>;
  (e.Acc) (Ident e.W) e.R = <Terms (e.Acc (ID e.W)) e.R>;
  (e.Acc) (Var e.K e.I) e.R = <Terms (e.Acc (VAR e.K e.I)) e.R>;
  (e.Acc) LP e.R = <TermsBr (e.Acc) e.R>;
  (e.Acc) LA e.R = <TermsCall (e.Acc) e.R>;
  (e.Acc) = (e.Acc);
}

* A quoted string is a sequence of character symbols, not one symbol.
Chars {
  = ;
  s.C e.R = (SYM s.C) <Chars e.R>;
}

TermsBr {
  (e.Acc) e.R = <TermsBr2 (e.Acc) <Terms () e.R>>;
}

TermsBr2 {
  (e.Acc) (e.Inner) RP e.R = <Terms (e.Acc (BR e.Inner)) e.R>;
}

TermsCall {
  (e.Acc) (Ident e.N) e.R = <TermsCall2 (e.Acc) (e.N) <Terms () e.R>>;
}

TermsCall2 {
  (e.Acc) (e.N) (e.Args) RA e.R = <Terms (e.Acc (CALL (ID e.N) e.Args)) e.R>;
}

* -------------------------------------------------------------- checker
*
* Prints OK when a program is well formed and a semicolon-separated diagnostic
* list otherwise. Checks today: the exported Go entry point, duplicate function
* names, and unbound variables in results.

Check {
  (PROG e.Items) = <Report <HasGo e.Items> <Dups e.Items> <Vars e.Items>>;
}

Report {
  = "OK";
  e.Msg = "ERRORS: " e.Msg;
}

* Refal-5 entry rule (reference A): execution starts from Go, and Go must be
* exported with $ENTRY.
* The parser stores a name as its characters, not as an identifier symbol, so
* the name is written here as the character literal 'Go'.
HasGo {
  (FUN (Ident 'Go') (VIS ENTRY) e.Sents) e.Rest = ;
  (FUN (Ident 'Go') (VIS LOCAL) e.Sents) e.Rest = "Go is defined but not exported with $ENTRY; ";
  t.Item e.Rest = <HasGo e.Rest>;
  = "the program must define an exported Go entry point; ";
}

Dups {
  = ;
  (FUN (Ident e.N) (e.V) e.Sents) e.Rest = <DupName (e.N) e.Rest> <Dups e.Rest>;
  t.Item e.Rest = <Dups e.Rest>;
}

* Names are compared under Classic Refal-5 name equivalence (reference 1.2.1):
* case folds and '-' is equivalent to '_'. FOO-BAR and FOO_BAR are one function.
DupName {
  (e.N) = ;
  (e.N) (FUN (Ident e.M) (e.V) e.Sents) e.Rest,
    <EqName (<Canon e.N>) (<Canon e.M>)> : '1' = "duplicate function " e.M "; ";
  (e.N) t.Item e.Rest = <DupName (e.N) e.Rest>;
}

EqName {
  (e.A) (e.A) = '1';
  (e.A) (e.B) = ;
}

Canon {
  = ;
  '-' e.R = '_' <Canon e.R>;
  s.C e.R = <CanonChar s.C> <Canon e.R>;
}

* Folds A-Z to a-z by arithmetic rather than 26 sentences per case. Compare
* returns -, 0 or +, so the two tests are "below A" and "within A-Z".
CanonChar {
  s.C, <Ord s.C> : s.N, <Compare s.N 65> : '-' = s.C;
  s.C, <Ord s.C> : s.N, <Compare s.N 91> : '-' = <Chr <Add s.N 32>>;
  s.C = s.C;
}

Vars {
  = ;
  (FUN (Ident e.N) (e.V) e.Sents) e.Rest = <VarsSents e.Sents> <Vars e.Rest>;
  t.Item e.Rest = <Vars e.Rest>;
}

VarsSents {
  = ;
  (SENT (e.Pat) (e.Conds) (e.Res)) e.Rest = <VarsSent (e.Pat) (e.Conds) (e.Res)> <VarsSents e.Rest>;
  t.Item e.Rest = <VarsSents e.Rest>;
}

* A result variable must be bound by the sentence pattern or by the pattern of
* one of its conditions.
VarsSent {
  (e.Pat) (e.Conds) (e.Res) = <Unbound (e.Res) (<VarsOf e.Pat> <CondVars e.Conds>)>;
}

CondVars {
  = ;
  (COND (e.Expr) (e.CPat)) e.Rest = <VarsOf e.CPat> <CondVars e.Rest>;
}

VarsOf {
  = ;
  (VAR s.K e.I) e.Rest = (V s.K <Canon e.I>) <VarsOf e.Rest>;
  (BR e.Inner) e.Rest = <VarsOf e.Inner> <VarsOf e.Rest>;
  (CALL (ID e.N) e.Args) e.Rest = <VarsOf e.Args> <VarsOf e.Rest>;
  t.Item e.Rest = <VarsOf e.Rest>;
}

Unbound {
  (e.Res) (e.Bound) = <UnboundVars <VarsOf e.Res> (e.Bound)>;
}

UnboundVars {
  (e.Bound) = ;
  (V s.K e.I) e.Rest (e.Bound), <IsBound (V s.K e.I) (e.Bound)> : '1' =
    <UnboundVars e.Rest (e.Bound)>;
  (V s.K e.I) e.Rest (e.Bound) =
    "unbound variable " s.K "." e.I "; " <UnboundVars e.Rest (e.Bound)>;
}

* A bound record is a bracket holding several atoms (V, the kind, and the index
* characters), so it cannot be matched with `(t.V)`, which is a bracket holding
* exactly one term. Compare bracket contents instead.
IsBound {
  (e.V) (t.Item e.Rest), <EqBracket t.Item (e.V)> : '1' = '1';
  (e.V) (t.Item e.Rest) = <IsBound (e.V) (e.Rest)>;
  (e.V) () = ;
}

EqBracket {
  (e.X) (e.X) = '1';
  (e.X) (e.Y) = ;
}

* --------------------------------------------------------------- emitter
*
* Emits Core Refal matching the Rust bootstrap's `refal lower` byte for byte:
*   $EXTERN a, b;            then a blank line, per declaration
*   $ENTRY Name {            sentences indented two spaces
*     pattern, expr : pat = result;
*   }                        a blank line between functions, one newline after

NL {
  = <Chr 10>;
}

Emit {
  (PROG e.Items) = <EmitDecls e.Items> <EmitFnList <OnlyFuns e.Items>>;
}

EmitDecls {
  = ;
  (EXT e.Names) e.Rest = "$EXTERN " <NameList e.Names> ";" <NL> <NL> <EmitDecls e.Rest>;
  t.Item e.Rest = <EmitDecls e.Rest>;
}

NameList {
  (Ident e.N) = e.N;
  (Ident e.N) e.Rest = e.N ", " <NameList e.Rest>;
}

OnlyFuns {
  = ;
  (FUN e.Body) e.Rest = (FUN e.Body) <OnlyFuns e.Rest>;
  t.Item e.Rest = <OnlyFuns e.Rest>;
}

* `refal lower` prints with print!, not println!, so the formatted program ends
* at the last closing brace with no trailing newline. Prout supplies the final
* newline, so the emitter must stop at '}' and put the blank line that separates
* two functions only between them.
EmitFnList {
  = ;
  (FUN e.Body) e.Rest = <EmitFun e.Body> <IfMore e.Rest>;
}

IfMore {
  = ;
  e.Rest = <NL> <NL> <EmitFnList e.Rest>;
}

EmitFun {
  (Ident e.N) (VIS ENTRY) e.Sents = "$ENTRY " e.N " {" <NL> <EmitSents ("  ") e.Sents> "}";
  (Ident e.N) (VIS LOCAL) e.Sents = e.N " {" <NL> <EmitSents ("  ") e.Sents> "}";
}

* Indentation is carried as a run of spaces rather than a count, so a nested
* block simply widens it by two and nesting works to any depth.
EmitSents {
  (e.Ind) = ;
  (e.Ind) (SENT (e.Pat) (e.Conds) (e.Res)) e.Rest =
    e.Ind <EmitTerms e.Pat> <EmitConds (e.Ind) e.Conds>
    <EmitSpace (e.Pat) (e.Conds)> "=" <EmitResult (e.Ind) (e.Res)> ";" <NL>
    <EmitSents (e.Ind) e.Rest>;
}

* A space before the = only when the pattern or a condition precedes it.
EmitSpace {
  () () = ;
  (e.Pat) (e.Conds) = " ";
}

* A result that is exactly one block renders as `, argument : { ... }`.
EmitResult {
  (e.Ind) () = ;
  (e.Ind) ((BLK (e.Arg) e.Sents)) =
    " ," <EmitBlkArg (e.Arg)> " : {" <NL>
    <EmitSents (e.Ind "  ") e.Sents> e.Ind "}";
  (e.Ind) (e.Res) = " " <EmitTerms e.Res>;
}

EmitBlkArg {
  () = ;
  (e.Arg) = " " <EmitTerms e.Arg>;
}

* A condition whose pattern is a block renders its body rather than terms.
EmitConds {
  (e.Ind) = ;
  (e.Ind) () = ;
  (e.Ind) (COND (e.Expr) ((BLK (e.BArg) e.Sents))) e.Rest =
    ", " <EmitTerms e.Expr> " : {" <NL>
    <EmitSents (e.Ind "  ") e.Sents> e.Ind "}" <EmitConds (e.Ind) e.Rest>;
  (e.Ind) (COND (e.Expr) (e.CPat)) e.Rest =
    ", " <EmitTerms e.Expr> " : " <EmitTerms e.CPat> <EmitConds (e.Ind) e.Rest>;
}

EmitTerms {
  = ;
  (SYM s.C) = <EmitChar s.C>;
  (SYM s.C) e.Rest = <EmitChar s.C> " " <EmitTerms e.Rest>;
  (ID e.N) = e.N;
  (ID e.N) e.Rest = e.N " " <EmitTerms e.Rest>;
  (NUM e.D) = e.D;
  (NUM e.D) e.Rest = e.D " " <EmitTerms e.Rest>;
  (VAR s.K e.I) = s.K "." e.I;
  (VAR s.K e.I) e.Rest = s.K "." e.I " " <EmitTerms e.Rest>;
  (BR e.Inner) = "(" <EmitTerms e.Inner> ")";
  (BR e.Inner) e.Rest = "(" <EmitTerms e.Inner> ") " <EmitTerms e.Rest>;
  (CALL (ID e.N) e.Args) = "<" e.N <EmitCallArgs e.Args> ">";
  (CALL (ID e.N) e.Args) e.Rest = "<" e.N <EmitCallArgs e.Args> "> " <EmitTerms e.Rest>;
}

EmitCallArgs {
  = ;
  e.Args = " " <EmitTerms e.Args>;
}

* A character is quoted with ' unless it is itself a quote, and then with ".
EmitChar {
  "'" = '"' "'" '"';
  s.C = "'" s.C "'";
}
